Archive member included to satisfy reference by file (symbol)

./build/open_esplibs_libmain.a(user_interface.o)
                              (--whole-archive)
./build/open_esplibs_libmain.a(spi_flash.o)
                              (--whole-archive)
./build/open_esplibs_libmain.a(os_cpu_a.o)
                              (--whole-archive)
./build/open_esplibs_libmain.a(uart.o)
                              (--whole-archive)
./build/open_esplibs_libmain.a(misc.o)
                              (--whole-archive)
./build/open_esplibs_libmain.a(timers.o)
                              (--whole-archive)
./build/open_esplibs_libmain.a(xtensa_context.o)
                              (--whole-archive)
./build/open_esplibs_libnet80211.a(ieee80211_hostap.o)
                              (--whole-archive)
./build/open_esplibs_libnet80211.a(wl_cnx.o)
                              (--whole-archive)
./build/open_esplibs_libnet80211.a(ieee80211_ets.o)
                              (--whole-archive)
./build/open_esplibs_libnet80211.a(ieee80211_input.o)
                              (--whole-archive)
./build/open_esplibs_libnet80211.a(ieee80211_sta.o)
                              (--whole-archive)
./build/open_esplibs_libphy.a(phy_chip_v6.o)
                              (--whole-archive)
./build/open_esplibs_libphy.a(phy.o)
                              (--whole-archive)
./build/open_esplibs_libphy.a(phy_sleep.o)
                              (--whole-archive)
./build/open_esplibs_libpp.a(pm.o)
                              (--whole-archive)
./build/open_esplibs_libpp.a(if_hwctrl.o)
                              (--whole-archive)
./build/open_esplibs_libpp.a(pp.o)
                              (--whole-archive)
./build/open_esplibs_libpp.a(esf_buf.o)
                              (--whole-archive)
./build/open_esplibs_libpp.a(lmac.o)
                              (--whole-archive)
./build/open_esplibs_libpp.a(wdev.o)
                              (--whole-archive)
./build/open_esplibs_libwpa.a(os_xtensa.o)
                              (--whole-archive)
./build/open_esplibs_libwpa.a(wpa_main.o)
                              (--whole-archive)
./build/freertos.a(tasks.o)   ./build/open_esplibs_libmain.a(os_cpu_a.o) (pxCurrentTCB)
./build/freertos.a(timers.o)  ./build/freertos.a(tasks.o) (xTimerCreateTimerTask)
./build/freertos.a(port.o)    ./build/freertos.a(tasks.o) (pxPortInitialiseStack)
./build/freertos.a(queue.o)   ./build/freertos.a(timers.o) (xQueueGenericCreate)
./build/freertos.a(list.o)    ./build/freertos.a(tasks.o) (vListInitialise)
./build/lwip.a(esp_interface.o)
                              ./build/open_esplibs_libnet80211.a(ieee80211_sta.o) (ethernetif_init)
./build/lwip.a(tcpip.o)       ./build/open_esplibs_libnet80211.a(ieee80211_sta.o) (tcpip_input)
./build/lwip.a(dhcp.o)        ./build/open_esplibs_libmain.a(user_interface.o) (dhcp_stop)
./build/lwip.a(init.o)        ./build/lwip.a(tcpip.o) (lwip_init)
./build/lwip.a(memp.o)        ./build/lwip.a(tcpip.o) (memp_sizes)
./build/lwip.a(tcp.o)         ./build/lwip.a(init.o) (tcp_init)
./build/lwip.a(stats.o)       ./build/lwip.a(init.o) (stats_init)
./build/lwip.a(dns.o)         ./build/lwip.a(init.o) (dns_init)
./build/lwip.a(pbuf.o)        ./build/lwip.a(esp_interface.o) (pbuf_free)
./build/lwip.a(netif.o)       ./build/lwip.a(init.o) (netif_init)
./build/lwip.a(timers.o)      ./build/lwip.a(tcpip.o) (sys_timeout)
./build/lwip.a(udp.o)         ./build/lwip.a(init.o) (udp_init)
./build/lwip.a(tcp_out.o)     ./build/lwip.a(tcp.o) (tcp_enqueue_flags)
./build/lwip.a(ip_addr.o)     ./build/lwip.a(udp.o) (ip4_addr_isbroadcast)
./build/lwip.a(igmp.o)        ./build/lwip.a(init.o) (igmp_init)
./build/lwip.a(ip.o)          ./build/lwip.a(tcp.o) (ip_route)
./build/lwip.a(inet_chksum.o)
                              ./build/lwip.a(udp.o) (inet_chksum_pseudo)
./build/lwip.a(icmp.o)        ./build/lwip.a(ip.o) (icmp_input)
./build/lwip.a(etharp.o)      ./build/lwip.a(timers.o) (etharp_tmr)
./build/lwip.a(sys_arch.o)    ./build/lwip.a(tcpip.o) (sys_mbox_new)
./build/lwip.a(sockets.o)     ./build/lwip.a(init.o) (lwip_socket_init)
./build/lwip.a(raw.o)         ./build/lwip.a(ip.o) (raw_input)
./build/lwip.a(tcp_in.o)      ./build/lwip.a(tcp_out.o) (tcp_input_pcb)
./build/lwip.a(ip_frag.o)     ./build/lwip.a(ip.o) (ip_frag)
./build/lwip.a(netbuf.o)      ./build/lwip.a(sockets.o) (netbuf_delete)
./build/lwip.a(api_lib.o)     ./build/lwip.a(sockets.o) (netconn_new_with_proto_and_callback)
./build/lwip.a(api_msg.o)     ./build/lwip.a(api_lib.o) (do_newconn)
./build/core.a(esp_interrupts.o)
                              ./build/freertos.a(port.o) (_xt_isr_attach)
./build/core.a(app_main.o)    ./build/open_esplibs_libmain.a(user_interface.o) (sdk_user_init_flag)
./build/core.a(sysparam.o)    ./build/core.a(app_main.o) (sysparam_init)
./build/core.a(phy_info.o)    ./build/core.a(app_main.o) (get_default_phy_info)
./build/core.a(esp_hwrand.o)  ./build/lwip.a(dhcp.o) (hwrand)
[...]
Memory Configuration

Name             Origin             Length             Attributes
dport0_0_seg     0x000000003ff00000 0x0000000000000010
dram0_0_seg      0x000000003ffe8000 0x0000000000014000
iram1_0_seg      0x0000000040100000 0x0000000000008000
irom0_0_seg      0x0000000040202010 0x00000000000fdff0
*default*        0x0000000000000000 0xffffffffffffffff

Linker script and memory map

LOAD ./build/open_esplibs_libmain.a
LOAD ./build/open_esplibs_libnet80211.a
LOAD ./build/open_esplibs_libphy.a
LOAD ./build/open_esplibs_libpp.a
LOAD ./build/open_esplibs_libwpa.a
START GROUP
LOAD ./build/program.a
LOAD ./build/rboot-ota.a
LOAD ./build/freertos.a
LOAD ./build/lwip.a
LOAD ./build/core.a
LOAD ./build/open_esplibs.a
LOAD /opt/esp-open-sdk/xtensa-lx106-elf/xtensa-lx106-elf/sysroot/usr/lib/libhal.a
LOAD /opt/esp-open-sdk/xtensa-lx106-elf/lib/gcc/xtensa-lx106-elf/4.8.5/libgcc.a
LOAD ../../esp-open-rtos/libc/xtensa-lx106-elf/lib/libc.a
LOAD ./build/sdklib/libmain.a
LOAD ./build/sdklib/libnet80211.a
LOAD ./build/sdklib/libphy.a
LOAD ./build/sdklib/libpp.a
LOAD ./build/sdklib/libwpa.a
END GROUP
                0x0000000040105ec0                pvPortMalloc = malloc
                0x0000000040105edc                vPortFree = free
                0x0000000040100bcc                _lock_acquire = vPortEnterCritical
                0x0000000040100bcc                _lock_acquire_recursive = vPortEnterCritical
                0x0000000040100bcc                _lock_try_acquire = vPortEnterCritical
                0x0000000040100bcc                _lock_try_acquire_recursive = vPortEnterCritical
                0x0000000040100bf4                _lock_release = vPortExitCritical
                0x0000000040100bf4                _lock_release_recursive = vPortExitCritical
                0x0000000040106438                ets_printf = printf
                [!provide]                        PROVIDE (_memmap_vecbase_reset, 0x40000000)
                0x0000000000000110                _memmap_cacheattr_wb_base = 0x110
                0x0000000000000110                _memmap_cacheattr_wt_base = 0x110
                0x0000000000000220                _memmap_cacheattr_bp_base = 0x220
                0x00000000fffff00f                _memmap_cacheattr_unused_mask = 0xfffff00f
                0x000000002222211f                _memmap_cacheattr_wb_trapnull = 0x2222211f
                0x000000002222211f                _memmap_cacheattr_wba_trapnull = 0x2222211f
                0x000000002222211f                _memmap_cacheattr_wbna_trapnull = 0x2222211f
                0x000000002222211f                _memmap_cacheattr_wt_trapnull = 0x2222211f
                0x000000002222222f                _memmap_cacheattr_bp_trapnull = 0x2222222f
                0x00000000fffff11f                _memmap_cacheattr_wb_strict = 0xfffff11f
                0x00000000fffff11f                _memmap_cacheattr_wt_strict = 0xfffff11f
                0x00000000fffff22f                _memmap_cacheattr_bp_strict = 0xfffff22f
                0x0000000022222112                _memmap_cacheattr_wb_allvalid = 0x22222112
                0x0000000022222112                _memmap_cacheattr_wt_allvalid = 0x22222112
                0x0000000022222222                _memmap_cacheattr_bp_allvalid = 0x22222222
                [!provide]                        PROVIDE (_memmap_cacheattr_reset, _memmap_cacheattr_wb_trapnull)

.dport0.rodata  0x000000003ff00000        0x0
                0x000000003ff00000                _dport0_rodata_start = ABSOLUTE (.)
 *(.dport0.rodata)
 *(.dport.rodata)
                0x000000003ff00000                _dport0_rodata_end = ABSOLUTE (.)

.dport0.literal
                0x000000003ff00000        0x0
                0x000000003ff00000                _dport0_literal_start = ABSOLUTE (.)
 *(.dport0.literal)
 *(.dport.literal)
                0x000000003ff00000                _dport0_literal_end = ABSOLUTE (.)

.dport0.data    0x000000003ff00000        0x0
                0x000000003ff00000                _dport0_data_start = ABSOLUTE (.)
 *(.dport0.data)
 *(.dport.data)
                0x000000003ff00000                _dport0_data_end = ABSOLUTE (.)

.text           0x0000000040100000     0x73e6
                0x0000000040100000                _stext = .
                0x0000000040100000                _text_start = ABSOLUTE (.)
                0x0000000040100000                . = ALIGN (0x10)
 *(.vecbase.text)
 .vecbase.text  0x0000000040100000      0x3b2 ./build/core.a(exception_vectors.o)
                0x0000000040100000                VecBase
                0x000000004010023c                call_user_start
                0x000000004010039e                _xt_user_exit
 *(.entry.text)
 *(.init.literal)
 *(.init)
 *(.iram1.*)
 *fill*         0x00000000401003b2        0x2 
 .iram1.text    0x00000000401003b4      0x1d9 ./build/open_esplibs_libmain.a(user_interface.o)
                                        0x1e8 (size before relaxing)
                0x00000000401003b8                sdk_system_rtc_mem_write
                0x000000004010041c                sdk_system_rtc_mem_read
                0x000000004010049c                sdk_system_restart_in_nmi
 *fill*         0x000000004010058d        0x3 
 .iram1.text    0x0000000040100590      0x394 ./build/open_esplibs_libmain.a(spi_flash.o)
                                        0x478 (size before relaxing)
                0x00000000401005b4                sdk_SPIReadModeCnfig
                0x0000000040100630                sdk_SPIWrite
                0x00000000401006ec                sdk_SPIRead
                0x000000004010071c                sdk_SPIEraseSector
                0x0000000040100774                sdk_spi_flash_get_id
                0x00000000401007d0                sdk_spi_flash_read_status
                0x0000000040100810                sdk_spi_flash_write_status
                0x000000004010084c                sdk_spi_flash_erase_sector
                0x0000000040100880                sdk_spi_flash_write
                0x00000000401008d0                sdk_spi_flash_read
 .iram1.text    0x0000000040100924      0x12d ./build/open_esplibs_libmain.a(os_cpu_a.o)
                                        0x175 (size before relaxing)
                0x0000000040100928                vPortYield
                0x0000000040100960                sdk__xt_int_enter
                0x0000000040100978                sdk__xt_int_exit
                0x00000000401009a8                sdk__xt_timer_int
                0x00000000401009e4                sdk__xt_timer_int1
                0x00000000401009f8                sdk__xt_tick_timer_init
                0x0000000040100a24                sdk__xt_isr_unmask
                0x0000000040100a34                sdk__xt_isr_mask
                0x0000000040100a44                sdk__xt_read_ints
                0x0000000040100a4c                sdk__xt_clear_ints
 *fill*         0x0000000040100a51        0x3 
 .iram1.text    0x0000000040100a54        0xb ./build/open_esplibs_libmain.a(misc.o)
                0x0000000040100a58                sdk_os_get_cpu_frequency
 *fill*         0x0000000040100a5f        0x1 
 .iram1.text    0x0000000040100a60       0x5e ./build/open_esplibs_libnet80211.a(wl_cnx.o)
                                         0x62 (size before relaxing)
                0x0000000040100a64                sdk_cnx_node_search
 *fill*         0x0000000040100abe        0x2 
 .iram1.text    0x0000000040100ac0       0x5d ./build/open_esplibs_libnet80211.a(ieee80211_input.o)
                0x0000000040100acc                sdk_ieee80211_deliver_data
 *fill*         0x0000000040100b1d        0x3 
 .iram1.text    0x0000000040100b20       0x5c ./build/open_esplibs_libwpa.a(os_xtensa.o)
                                         0x68 (size before relaxing)
                0x0000000040100b20                sdk_os_get_time
                0x0000000040100b24                sdk_os_random
                0x0000000040100b34                sdk_os_get_random
 .iram1.text    0x0000000040100b7c       0xd7 ./build/freertos.a(port.o)
                                         0xff (size before relaxing)
                0x0000000040100b84                SV_ISR
                0x0000000040100bcc                vPortEnterCritical
                0x0000000040100bf4                vPortExitCritical
                0x0000000040100c20                PendSV
 *fill*         0x0000000040100c53        0x1 
 .iram1.text    0x0000000040100c54       0xa1 ./build/core.a(esp_interrupts.o)
                                         0xa5 (size before relaxing)
                0x0000000040100c58                _xt_isr_attach
                0x0000000040100c6c                _xt_isr_handler
 *fill*         0x0000000040100cf5        0x3 
 .iram1.text    0x0000000040100cf8      0x2df ./build/core.a(app_main.o)
                                        0x32f (size before relaxing)
                0x0000000040100d20                vApplicationStackOverflowHook
                0x0000000040100d4c                vApplicationIdleHook
                0x0000000040100d70                vApplicationTickHook
                0x0000000040100de0                sdk_user_start
 *fill*         0x0000000040100fd7        0x1 
 .iram1.text    0x0000000040100fd8       0x90 ./build/core.a(debug_dumps.o)
                                         0xa4 (size before relaxing)
                0x0000000040101028                debug_exception_handler
                0x0000000040101028                fatal_exception_handler
                0x0000000040101048                abort
 .iram1.text    0x0000000040101068       0x67 ./build/core.a(spiflash-cache-enable.o)
                                         0x7b (size before relaxing)
                0x0000000040101078                Cache_Read_Enable
 *fill*         0x00000000401010cf        0x1 
 .iram1.text    0x00000000401010d0      0x367 ./build/core.a(spiflash.o)
                                        0x41b (size before relaxing)
                0x00000000401011f0                spiflash_write
                0x00000000401012d0                spiflash_read
                0x00000000401013c4                spiflash_erase_sector
 *fill*         0x0000000040101437        0x1 
 .iram1.text    0x0000000040101438       0x1b ./build/core.a(sdk_compat.o)
                0x000000004010143c                zalloc
 *fill*         0x0000000040101453        0x1 
 .iram1.text    0x0000000040101454       0x34 ./build/core.a(newlib_syscalls.o)
                0x0000000040101460                _sbrk_r
 *fill*         0x0000000040101488        0x0 
 *fill*         0x0000000040101488        0x0 
 *fill*         0x0000000040101488        0x0 
 .iram1.text    0x0000000040101488       0x3d ./build/open_esplibs_libmain.a(xtensa_context.o)
                0x0000000040101488                sdk__xt_context_save
                0x00000000401014a4                sdk__xt_context_restore
 *fill*         0x00000000401014c5        0x0 
 *fill*         0x00000000401014c5        0x0 
 *fill*         0x00000000401014c5        0x0 
 *fill*         0x00000000401014c5        0x0 
 *fill*         0x00000000401014c5        0x0 
 *fill*         0x00000000401014c5        0x3 
 .iram1.data    0x00000000401014c8        0x4 ./build/core.a(debug_dumps.o)
 *fill*         0x00000000401014cc        0x0 
 *fill*         0x00000000401014cc        0x0 
 *fill*         0x00000000401014cc        0x0 
 *sdklib*:*(.literal .text .literal.* .text.*)
 .text          0x00000000401014cc       0x90 ./build/sdklib/libmain.a(ets_timer.o)
                                         0xa0 (size before relaxing)
 .text          0x000000004010155c        0xb ./build/sdklib/libnet80211.a(wl_chm.o)
                0x0000000040101560                sdk_chm_get_current_channel
 *fill*         0x0000000040101567        0x1 
 .text          0x0000000040101568       0x4f ./build/sdklib/libphy.a(phy.o)
                                         0x53 (size before relaxing)
                0x0000000040101570                sdk_register_phy_ops
                0x0000000040101590                sdk_phy_change_channel
                0x00000000401015ac                sdk_phy_get_mactime
 *fill*         0x00000000401015b7        0x1 
 .text          0x00000000401015b8       0xf7 ./build/sdklib/libphy.a(phy_sleep.o)
                                        0x103 (size before relaxing)
                0x00000000401015c8                sdk_pm_rtc_clock_cali
                0x0000000040101684                sdk_clockgate_watchdog
 *fill*         0x00000000401016af        0x1 
 .text          0x00000000401016b0       0x94 ./build/sdklib/libpp.a(esf_buf.o)
                                         0xb4 (size before relaxing)
                0x00000000401016b4                sdk_esf_rx_buf_alloc
 .text          0x0000000040101744     0x14e0 ./build/sdklib/libpp.a(lmac.o)
                                       0x187c (size before relaxing)
                0x0000000040101748                sdk_lmacIsActive
                0x000000004010175c                sdk_lmacIsIdle
                0x0000000040101ba4                sdk_lmacSetAcParam
                0x0000000040101c40                sdk_lmacProcessTXStartData
                0x0000000040101de8                sdk_lmacProcessTxSuccess
                0x0000000040101f30                sdk_GetAccess
                0x0000000040101f3c                sdk_lmacDiscardAgedMSDU
                0x0000000040101f50                sdk_lmacRecycleMPDU
                0x0000000040102430                sdk_lmacProcessCollisions
                0x000000004010248c                sdk_lmacProcessCollision
                0x0000000040102510                sdk_lmacMSDUAged
                0x0000000040102894                sdk_lmacProcessCtsTimeout
                0x00000000401028dc                sdk_lmacProcessAckTimeout
                0x0000000040102930                sdk_lmacProcessRtsStart
                0x000000004010293c                sdk_lmacProcessTxRtsError
                0x00000000401029d4                sdk_lmacProcessTxError
                0x0000000040102a58                sdk_lmacTxFrame
                0x0000000040102c0c                sdk_lmacRxDone
 .text          0x0000000040102c24      0xe6c ./build/sdklib/libpp.a(pp.o)
                                       0x103c (size before relaxing)
                0x0000000040102c54                sdk_pp_soft_wdt_feed
                0x0000000040102d68                sdk_ppProcessTxQ
                0x0000000040102e58                sdk_ppFetchTxQFirstAvail
                0x0000000040102e98                sdk_ppDequeueTxQ
                0x0000000040102ec0                sdk_ppRollBackTxQ
                0x0000000040102ee4                sdk_ppRecordBarRRC
                0x0000000040102ef4                sdk_ppTxqUpdateBitmap
                0x0000000040102f18                sdk_ppEnqueueTxDone
                0x0000000040102f4c                sdk_ppEnqueueRxq
                0x0000000040103714                sdk_ppDiscardMPDU
                0x0000000040103744                sdk_MacIsrSigPostDefHdl
                0x0000000040103838                sdk_pp_post
                0x000000004010393c                sdk_ppCalTxop
                0x0000000040103a20                sdk_ppCalFrameTimes
 .text          0x0000000040103a90       0xf5 ./build/sdklib/libpp.a(rate_control.o)
                                        0x109 (size before relaxing)
                0x0000000040103ab0                sdk_RC_GetAckRate
                0x0000000040103abc                sdk_RC_GetRtsRate
                0x0000000040103acc                sdk_RC_GetAckTime
                0x0000000040103ae0                sdk_RC_GetCtsTime
                0x0000000040103b18                sdk_RC_GetBlockAckTime
 *fill*         0x0000000040103b85        0x3 
 .text          0x0000000040103b88      0x7f9 ./build/sdklib/libpp.a(trc.o)
                                        0x81d (size before relaxing)
                0x0000000040103d00                sdk_rcUpdateTxDone
                0x0000000040103d94                sdk_rcUpdateRxDone
                0x0000000040103df0                sdk_rcUpdateDataRxDone
                0x0000000040103e08                sdk_rcGetSched
                0x0000000040103eb0                sdk_rcGetRate
                0x00000000401042b4                sdk_rcReachRetryLimit
                0x00000000401042cc                sdk_trc_NeedRTS
 *fill*         0x0000000040104381        0x3 
 .text          0x0000000040104384     0x114b ./build/sdklib/libpp.a(wdev.o)
                                       0x1473 (size before relaxing)
                0x00000000401046d8                sdk_wDev_MacTimSetFunc
                0x00000000401046f8                sdk_wDev_MacTimArm
                0x000000004010479c                sdk_wDev_MacTim1Arm
                0x0000000040104878                sdk_wDev_ProcessFiq
                0x0000000040104c1c                sdk_wDev_EnableTransmit
                0x0000000040104c60                sdk_wDev_DisableTransmit
                0x0000000040104c80                sdk_Tx_Copy2Queue
                0x0000000040104cc8                sdk_wDev_ProcessCollision
                0x0000000040104cec                sdk_wDev_GetTxqCollisions
                0x0000000040104cfc                sdk_wDev_ClearTxqCollisions
                0x0000000040104d14                sdk_wDev_SetWaitingQueue
                0x0000000040104d60                sdk_wDev_ClearWaitingQueue
                0x0000000040104d80                sdk_wDev_SetFrameAckType
                0x0000000040104de4                sdk_wDev_AppendRxBlocks
                0x0000000040104f8c                sdk_wDev_AppendRxAmpduLensBlocks
                0x00000000401050c4                sdk_wDev_GetBAInfo
 *fill*         0x00000000401054cf        0x1 
 .text          0x00000000401054d0       0x25 ./build/sdklib/libnet80211.a(ieee80211_hostap.o)
 *fill*         0x00000000401054f5        0x0 
 *fill*         0x00000000401054f5        0x0 
 *fill*         0x00000000401054f5        0x3 
 .text          0x00000000401054f8        0x2 ./build/sdklib/libphy.a(phy_chip_v6.o)
                0x00000000401054f8                sdk_ram_tx_mac_disable
 *fill*         0x00000000401054fa        0x0 
 *fill*         0x00000000401054fa        0x0 
 *fill*         0x00000000401054fa        0x0 
 *fill*         0x00000000401054fa        0x0 
 *fill*         0x00000000401054fa        0x2 
 .text          0x00000000401054fc       0x11 ./build/sdklib/libwpa.a(wpa_auth.o)
 *libgcc.a:*i3.o(.literal .text .literal.* .text.*)
 *fill*         0x000000004010550d        0x3 
 .literal       0x0000000040105510        0x0 /opt/esp-open-sdk/xtensa-lx106-elf/lib/gcc/xtensa-lx106-elf/4.8.5/libgcc.a(_muldi3.o)
                                          0x4 (size before relaxing)
 .literal       0x0000000040105510        0x0 /opt/esp-open-sdk/xtensa-lx106-elf/lib/gcc/xtensa-lx106-elf/4.8.5/libgcc.a(_divdi3.o)
                                         0x48 (size before relaxing)
 .literal       0x0000000040105510        0x0 /opt/esp-open-sdk/xtensa-lx106-elf/lib/gcc/xtensa-lx106-elf/4.8.5/libgcc.a(_umoddi3.o)
                                         0x40 (size before relaxing)
 .literal       0x0000000040105510        0x4 ../../esp-open-rtos/libc/xtensa-lx106-elf/lib/libc.a(lib_a-malloc.o)
                                         0x10 (size before relaxing)
 .literal       0x0000000040105514        0x8 ../../esp-open-rtos/libc/xtensa-lx106-elf/lib/libc.a(lib_a-nano-mallocr.o)
                                         0x20 (size before relaxing)
 .literal       0x000000004010551c        0x0 ../../esp-open-rtos/libc/xtensa-lx106-elf/lib/libc.a(lib_a-nano-freer.o)
                                          0xc (size before relaxing)
 .literal       0x000000004010551c       0x24 ../../esp-open-rtos/libc/xtensa-lx106-elf/lib/libc.a(lib_a-rand.o)
                                         0x58 (size before relaxing)
 .literal       0x0000000040105540        0x4 ../../esp-open-rtos/libc/xtensa-lx106-elf/lib/libc.a(lib_a-mlock.o)
                                         0x10 (size before relaxing)
 .literal       0x0000000040105544        0x0 ../../esp-open-rtos/libc/xtensa-lx106-elf/lib/libc.a(lib_a-printf.o)
                                         0x14 (size before relaxing)
 .literal       0x0000000040105544        0x0 ../../esp-open-rtos/libc/xtensa-lx106-elf/lib/libc.a(lib_a-sprintf.o)
                                         0x14 (size before relaxing)
 .literal       0x0000000040105544        0x0 ../../esp-open-rtos/libc/xtensa-lx106-elf/lib/libc.a(lib_a-fprintf.o)
                                          0xc (size before relaxing)
 .literal       0x0000000040105544       0x20 ../../esp-open-rtos/libc/xtensa-lx106-elf/lib/libc.a(lib_a-nano-svfprintf.o)
                                         0x54 (size before relaxing)
 .literal       0x0000000040105564       0x28 ../../esp-open-rtos/libc/xtensa-lx106-elf/lib/libc.a(lib_a-nano-vfprintf.o)
                                         0x60 (size before relaxing)
 .literal       0x000000004010558c        0x0 ../../esp-open-rtos/libc/xtensa-lx106-elf/lib/libc.a(lib_a-snprintf.o)
                                          0xc (size before relaxing)
 .literal       0x000000004010558c       0x34 ../../esp-open-rtos/libc/xtensa-lx106-elf/lib/libc.a(lib_a-findfp.o)
                                         0x80 (size before relaxing)
 .literal       0x00000000401055c0        0x8 ../../esp-open-rtos/libc/xtensa-lx106-elf/lib/libc.a(lib_a-fputwc.o)
                                         0x2c (size before relaxing)
 .text          0x00000000401055c8       0x36 /opt/esp-open-sdk/xtensa-lx106-elf/lib/gcc/xtensa-lx106-elf/4.8.5/libgcc.a(_muldi3.o)
                0x00000000401055c8                __muldi3
 *fill*         0x00000000401055fe        0x2 
 .text          0x0000000040105600      0x3eb /opt/esp-open-sdk/xtensa-lx106-elf/lib/gcc/xtensa-lx106-elf/4.8.5/libgcc.a(_divdi3.o)
                                        0x41b (size before relaxing)
                0x0000000040105600                __divdi3
 *fill*         0x00000000401059eb        0x1 
 .text          0x00000000401059ec      0x33a /opt/esp-open-sdk/xtensa-lx106-elf/lib/gcc/xtensa-lx106-elf/4.8.5/libgcc.a(_umoddi3.o)
                                        0x366 (size before relaxing)
                0x00000000401059ec                __umoddi3
 *fill*         0x0000000040105d26        0x2 
 .text          0x0000000040105d28       0x64 /opt/esp-open-sdk/xtensa-lx106-elf/lib/gcc/xtensa-lx106-elf/4.8.5/libgcc.a(_divsi3.o)
                0x0000000040105d28                __divsi3
 .text          0x0000000040105d8c       0x4c /opt/esp-open-sdk/xtensa-lx106-elf/lib/gcc/xtensa-lx106-elf/4.8.5/libgcc.a(_udivsi3.o)
                0x0000000040105d8c                __udivsi3
 .text          0x0000000040105dd8       0x39 /opt/esp-open-sdk/xtensa-lx106-elf/lib/gcc/xtensa-lx106-elf/4.8.5/libgcc.a(_umodsi3.o)
                0x0000000040105dd8                __umodsi3
 *fill*         0x0000000040105e11        0x3 
 .text          0x0000000040105e14       0x49 /opt/esp-open-sdk/xtensa-lx106-elf/lib/gcc/xtensa-lx106-elf/4.8.5/libgcc.a(_modsi3.o)
                0x0000000040105e14                __modsi3
 *fill*         0x0000000040105e5d        0x3 
 .text          0x0000000040105e60       0x18 /opt/esp-open-sdk/xtensa-lx106-elf/lib/gcc/xtensa-lx106-elf/4.8.5/libgcc.a(_ashrdi3.o)
                0x0000000040105e60                __ashrdi3
 *fill*         0x0000000040105e78        0x0 
 *fill*         0x0000000040105e78        0x0 
 *fill*         0x0000000040105e78        0x0 
 .text          0x0000000040105e78       0x48 /opt/esp-open-sdk/xtensa-lx106-elf/lib/gcc/xtensa-lx106-elf/4.8.5/libgcc.a(_umulsidi3.o)
                0x0000000040105e78                __umulsidi3
 *libc.a:*malloc.o(.literal .text .literal.* .text.*)
 .text          0x0000000040105ec0       0x35 ../../esp-open-rtos/libc/xtensa-lx106-elf/lib/libc.a(lib_a-malloc.o)
                0x0000000040105ec0                malloc
                0x0000000040105edc                free
 *libc.a:*mallocr.o(.literal .text .literal.* .text.*)
 *fill*         0x0000000040105ef5        0x3 
 .text          0x0000000040105ef8       0xed ../../esp-open-rtos/libc/xtensa-lx106-elf/lib/libc.a(lib_a-nano-mallocr.o)
                                         0xf1 (size before relaxing)
                0x0000000040105ef8                _malloc_r
 *fill*         0x0000000040105fe5        0x0 
 *libc.a:*freer.o(.literal .text .literal.* .text.*)
 *fill*         0x0000000040105fe5        0x3 
 .text          0x0000000040105fe8       0xb1 ../../esp-open-rtos/libc/xtensa-lx106-elf/lib/libc.a(lib_a-nano-freer.o)
                0x0000000040105fe8                _free_r
 *fill*         0x0000000040106099        0x0 
 *libc.a:*memcpy.o(.literal .text .literal.* .text.*)
 *fill*         0x0000000040106099        0x3 
 .text          0x000000004010609c      0x145 ../../esp-open-rtos/libc/xtensa-lx106-elf/lib/libc.a(lib_a-memcpy.o)
                0x00000000401060e0                memcpy
 *libc.a:*memset.o(.literal .text .literal.* .text.*)
 *fill*         0x00000000401061e1        0x3 
 .text          0x00000000401061e4       0x7c ../../esp-open-rtos/libc/xtensa-lx106-elf/lib/libc.a(lib_a-memset.o)
                0x0000000040106210                memset
 *libc.a:*memcmp.o(.literal .text .literal.* .text.*)
 .text          0x0000000040106260       0x23 ../../esp-open-rtos/libc/xtensa-lx106-elf/lib/libc.a(lib_a-memcmp.o)
                0x0000000040106260                memcmp
 *libc.a:*memmove.o(.literal .text .literal.* .text.*)
 *fill*         0x0000000040106283        0x1 
 .text          0x0000000040106284       0x3b ../../esp-open-rtos/libc/xtensa-lx106-elf/lib/libc.a(lib_a-memmove.o)
                0x0000000040106284                memmove
 *libc.a:*rand.o(.literal .text .literal.* .text.*)
 *fill*         0x00000000401062bf        0x1 
 .text          0x00000000401062c0       0xdd ../../esp-open-rtos/libc/xtensa-lx106-elf/lib/libc.a(lib_a-rand.o)
                                         0xe1 (size before relaxing)
                0x00000000401062c0                srand
                0x0000000040106324                rand
 *fill*         0x000000004010639d        0x0 
 *libc.a:*bzero.o(.literal .text .literal.* .text.*)
 *fill*         0x000000004010639d        0x3 
 .text          0x00000000401063a0       0x12 ../../esp-open-rtos/libc/xtensa-lx106-elf/lib/libc.a(lib_a-bzero.o)
                0x00000000401063a0                bzero
 *libc.a:*lock.o(.literal .text .literal.* .text.*)
 *fill*         0x00000000401063b2        0x2 
 .text          0x00000000401063b4       0x2d ../../esp-open-rtos/libc/xtensa-lx106-elf/lib/libc.a(lib_a-mlock.o)
                0x00000000401063b4                __malloc_lock
                0x00000000401063cc                __malloc_unlock
 *fill*         0x00000000401063e1        0x3 
 .text          0x00000000401063e4        0x8 ../../esp-open-rtos/libc/xtensa-lx106-elf/lib/libc.a(lock.o)
                0x00000000401063e4                _lock_close_recursive
                0x00000000401063e4                __dummy_lock
                0x00000000401063e4                _lock_init_recursive
                0x00000000401063e4                _lock_close
                0x00000000401063e4                _lock_init
                0x00000000401063e8                __dummy_lock_try
 *libc.a:*printf.o(.literal .text .literal.* .text.*)
 .text          0x00000000401063ec       0x99 ../../esp-open-rtos/libc/xtensa-lx106-elf/lib/libc.a(lib_a-printf.o)
                0x00000000401063ec                _printf_r
                0x00000000401063ec                _iprintf_r
                0x0000000040106438                printf
                0x0000000040106438                iprintf
 *fill*         0x0000000040106485        0x3 
 .text          0x0000000040106488       0xb5 ../../esp-open-rtos/libc/xtensa-lx106-elf/lib/libc.a(lib_a-sprintf.o)
                                         0xb9 (size before relaxing)
                0x0000000040106488                _siprintf_r
                0x0000000040106488                _sprintf_r
                0x00000000401064e0                sprintf
                0x00000000401064e0                siprintf
 *fill*         0x000000004010653d        0x3 
 .text          0x0000000040106540       0x57 ../../esp-open-rtos/libc/xtensa-lx106-elf/lib/libc.a(lib_a-fprintf.o)
                                         0x5b (size before relaxing)
                0x0000000040106540                _fprintf_r
                0x0000000040106540                _fiprintf_r
                0x0000000040106564                fprintf
                0x0000000040106564                fiprintf
 *fill*         0x0000000040106597        0x1 
 .text          0x0000000040106598      0x4b1 ../../esp-open-rtos/libc/xtensa-lx106-elf/lib/libc.a(lib_a-nano-svfprintf.o)
                                        0x4b5 (size before relaxing)
                0x0000000040106598                __ssputs_r
                0x0000000040106690                __ssprint_r
                0x00000000401067c4                _svfprintf_r
                0x00000000401067c4                _svfiprintf_r
 *fill*         0x0000000040106a49        0x3 
 .text          0x0000000040106a4c      0x447 ../../esp-open-rtos/libc/xtensa-lx106-elf/lib/libc.a(lib_a-nano-vfprintf.o)
                                        0x44b (size before relaxing)
                0x0000000040106a84                __sfputs_r
                0x0000000040106af4                __sprint_r
                0x0000000040106b84                _vfiprintf_r
                0x0000000040106b84                _vfprintf_r
                0x0000000040106e6c                vfiprintf
                0x0000000040106e6c                vfprintf
 *fill*         0x0000000040106e93        0x1 
 .text          0x0000000040106e94      0x10c ../../esp-open-rtos/libc/xtensa-lx106-elf/lib/libc.a(lib_a-snprintf.o)
                0x0000000040106e94                _sniprintf_r
                0x0000000040106e94                _snprintf_r
                0x0000000040106f18                snprintf
                0x0000000040106f18                sniprintf
 *fill*         0x0000000040106fa0        0x0 
 *fill*         0x0000000040106fa0        0x0 
 *fill*         0x0000000040106fa0        0x0 
 *fill*         0x0000000040106fa0        0x0 
 *fill*         0x0000000040106fa0        0x0 
 *fill*         0x0000000040106fa0        0x0 
 *libc.a:*findfp.o(.literal .text .literal.* .text.*)
 .text          0x0000000040106fa0      0x2ae ../../esp-open-rtos/libc/xtensa-lx106-elf/lib/libc.a(lib_a-findfp.o)
                                        0x2c6 (size before relaxing)
                0x0000000040106fa0                _cleanup_r
                0x000000004010703c                __sfmoreglue
                0x0000000040107080                _cleanup
                0x0000000040107094                __sfp_lock_acquire
                0x00000000401070ac                __sfp_lock_release
                0x00000000401070c4                __sinit_lock_acquire
                0x00000000401070dc                __sinit_lock_release
                0x00000000401070f4                __sinit
                0x0000000040107164                __sfp
                0x0000000040107210                __fp_lock_all
                0x0000000040107230                __fp_unlock_all
 *libc.a:*fputwc.o(.literal .text .literal.* .text.*)
 *fill*         0x000000004010724e        0x2 
 .text          0x0000000040107250      0x196 ../../esp-open-rtos/libc/xtensa-lx106-elf/lib/libc.a(lib_a-fputwc.o)
                                        0x19e (size before relaxing)
                0x0000000040107250                __fputwc
                0x0000000040107320                _fputwc_r
                0x0000000040107390                fputwc
 *fill*         0x00000000401073e6        0x0 
 *(.stub .gnu.warning .gnu.linkonce.literal.* .gnu.linkonce.t.*.literal .gnu.linkonce.t.*)
 *(.fini.literal)
 *(.fini)
 *(.gnu.version)
                0x00000000401073e6                _text_end = ABSOLUTE (.)
                0x00000000401073e6                _etext = .

.data           0x000000003ffe8000      0x894
                0x000000003ffe8000                _data_start = ABSOLUTE (.)
 *(.data)
 .data          0x000000003ffe8000        0x8 ./build/core.a(spiflash-cache-enable.o)
                0x000000003ffe8000                rboot_megabyte
 .data          0x000000003ffe8008       0xf4 ../../esp-open-rtos/libc/xtensa-lx106-elf/lib/libc.a(lib_a-impure.o)
                0x000000003ffe8008                _impure_ptr
 .data          0x000000003ffe80fc        0x4 ../../esp-open-rtos/libc/xtensa-lx106-elf/lib/libc.a(lib_a-ctype_.o)
                0x000000003ffe80fc                __ctype_ptr__
 .data          0x000000003ffe8100       0x7c ../../esp-open-rtos/libc/xtensa-lx106-elf/lib/libc.a(lib_a-locale.o)
                0x000000003ffe8178                __mb_cur_max
 .data          0x000000003ffe817c        0x4 ../../esp-open-rtos/libc/xtensa-lx106-elf/lib/libc.a(lib_a-wctomb_r.o)
                0x000000003ffe817c                __wctomb
 .data          0x000000003ffe8180        0x1 ./build/sdklib/libmain.a(user_interface.o)
 *fill*         0x000000003ffe8181        0x3 
 .data          0x000000003ffe8184      0x1a8 ./build/sdklib/libnet80211.a(ieee80211_phy.o)
 *fill*         0x000000003ffe832c        0x4 
 .data          0x000000003ffe8330        0x6 ./build/sdklib/libnet80211.a(ieee80211_proto.o)
                0x000000003ffe8330                sdk_ieee80211_addr_bcast
 *fill*         0x000000003ffe8336        0x2 
 .data          0x000000003ffe8338       0x1c ./build/sdklib/libnet80211.a(ieee80211_action.o)
 *fill*         0x000000003ffe8354        0xc 
 .data          0x000000003ffe8360       0x53 ./build/sdklib/libphy.a(phy_chip_v6.o)
                0x000000003ffe8362                sdk_tx_rf_ana_gain
                0x000000003ffe8384                sdk_tx_pwctrl_atten_init_en
                0x000000003ffe8390                sdk_rx_gain_swp
                0x000000003ffe83b0                sdk_test_rffreq_txcap
 *fill*         0x000000003ffe83b3        0xd 
 .data          0x000000003ffe83c0       0x90 ./build/sdklib/libphy.a(phy_chip_v6_cal.o)
                0x000000003ffe83c0                sdk_dpd_index
                0x000000003ffe8420                sdk_dpd_db2linear
 .data          0x000000003ffe8450        0x4 ./build/sdklib/libphy.a(phy_sleep.o)
                0x000000003ffe8450                sdk_chip_version
 .data          0x000000003ffe8454      0x11c ./build/sdklib/libphy.a(phy_chip_v5_romfunc.o)
                0x000000003ffe8454                sdk_g_phyFuns
                0x000000003ffe8458                sdk_g_phyFuns_instance
 .data          0x000000003ffe8570        0x7 ./build/sdklib/libphy.a(phy_chip_v5_cal_romfunc.o)
 *fill*         0x000000003ffe8577        0x1 
 .data          0x000000003ffe8578        0x1 ./build/sdklib/libpp.a(pm.o)
 *fill*         0x000000003ffe8579        0x3 
 .data          0x000000003ffe857c       0x10 ./build/sdklib/libpp.a(pp.o)
                0x000000003ffe857c                sdk_NoiseTimerInterval
                0x000000003ffe8584                sdk_sleep_start_wait_time
 *fill*         0x000000003ffe858c        0x4 
 .data          0x000000003ffe8590       0x40 ./build/sdklib/libpp.a(rate_control.o)
 .data          0x000000003ffe85d0      0x22c ./build/sdklib/libpp.a(trc.o)
 *fill*         0x000000003ffe87fc        0x4 
 .data          0x000000003ffe8800       0x10 ./build/sdklib/libpp.a(wdev.o)
 .data          0x000000003ffe8810       0x18 ./build/sdklib/libnet80211.a(ieee80211_crypto_ccmp.o)
                0x000000003ffe8810                sdk_ccmp
 .data          0x000000003ffe8828       0x18 ./build/sdklib/libnet80211.a(ieee80211_crypto_tkip.o)
                0x000000003ffe8828                sdk_tkip
 .data          0x000000003ffe8840       0x18 ./build/sdklib/libnet80211.a(ieee80211_crypto_wep.o)
                0x000000003ffe8840                sdk_wep
 *(.data.*)
 .data.sdk_dhcpc_flag
                0x000000003ffe8858        0x4 ./build/open_esplibs_libmain.a(user_interface.o)
                0x000000003ffe8858                sdk_dhcpc_flag
 .data.sdk_flashchip
                0x000000003ffe885c       0x18 ./build/open_esplibs_libmain.a(spi_flash.o)
                0x000000003ffe885c                sdk_flashchip
 .data.cpu_freq
                0x000000003ffe8874        0x4 ./build/open_esplibs_libmain.a(misc.o)
 .data.iss$4781
                0x000000003ffe8878        0x4 ./build/lwip.a(tcp.o)
 .data.tcp_port
                0x000000003ffe887c        0x2 ./build/lwip.a(tcp.o)
 .data.udp_port
                0x000000003ffe887e        0x2 ./build/lwip.a(udp.o)
 .data.ip$3576  0x000000003ffe8880       0x10 ./build/program.a(upnp.o)
 .data.current_stdout_write_r
                0x000000003ffe8890        0x4 ./build/core.a(newlib_syscalls.o)
 *(.gnu.linkonce.d.*)
 *(.data1)
 *(.sdata)
 *(.sdata.*)
 *(.gnu.linkonce.s.*)
 *(.sdata2)
 *(.sdata2.*)
 *(.gnu.linkonce.s2.*)
 *(.jcr)
                0x000000003ffe8894                _data_end = ABSOLUTE (.)

.rodata         0x000000003ffe8898      0x7cc
                0x000000003ffe8898                _rodata_start = ABSOLUTE (.)
 *core.a:*(.rodata.* .rodata)
 .rodata.str1.4
                0x000000003ffe8898      0x19f ./build/core.a(app_main.o)
 *fill*         0x000000003ffe8a37        0x1 
 .rodata.CSWTCH$28
                0x000000003ffe8a38       0x10 ./build/core.a(app_main.o)
 .rodata.CSWTCH$27
                0x000000003ffe8a48       0x40 ./build/core.a(app_main.o)
 .rodata.str1.4
                0x000000003ffe8a88      0x1cc ./build/core.a(debug_dumps.o)
 .rodata        0x000000003ffe8c54       0x1c ./build/core.a(exception_vectors.o)
 *libc.a:*.o(.rodata.* .rodata)
 .rodata        0x000000003ffe8c70        0x4 ../../esp-open-rtos/libc/xtensa-lx106-elf/lib/libc.a(lib_a-impure.o)
                0x000000003ffe8c70                _global_impure_ptr
 .rodata.str1.1
                0x000000003ffe8c74        0x2 ../../esp-open-rtos/libc/xtensa-lx106-elf/lib/libc.a(lib_a-impure.o)
 .rodata.str1.1
                0x000000003ffe8c76       0x21 ../../esp-open-rtos/libc/xtensa-lx106-elf/lib/libc.a(lib_a-mstats.o)
 .rodata.str1.1
                0x000000003ffe8c97       0x4b ../../esp-open-rtos/libc/xtensa-lx106-elf/lib/libc.a(lib_a-nano-mallstatsr.o)
 .rodata.str1.1
                0x000000003ffe8ce2       0x12 ../../esp-open-rtos/libc/xtensa-lx106-elf/lib/libc.a(lib_a-nano-vfprintf_float.o)
 .rodata.str1.1
                0x000000003ffe8cf4       0x22 ../../esp-open-rtos/libc/xtensa-lx106-elf/lib/libc.a(lib_a-nano-vfprintf_i.o)
 .rodata.str1.1
                0x000000003ffe8d16        0x5 ../../esp-open-rtos/libc/xtensa-lx106-elf/lib/libc.a(lib_a-nano-vfscanf_float.o)
 .rodata.str1.1
                0x000000003ffe8d1b        0x5 ../../esp-open-rtos/libc/xtensa-lx106-elf/lib/libc.a(lib_a-puts.o)
                                          0x2 (size before relaxing)
 .rodata.str1.1
                0x000000003ffe8d1b        0x5 ../../esp-open-rtos/libc/xtensa-lx106-elf/lib/libc.a(lib_a-strtod.o)
                                          0xc (size before relaxing)
 *fill*         0x000000003ffe8d1b        0x5 
 .rodata        0x000000003ffe8d20       0x70 ../../esp-open-rtos/libc/xtensa-lx106-elf/lib/libc.a(lib_a-strtod.o)
 .rodata        0x000000003ffe8d90      0x101 ../../esp-open-rtos/libc/xtensa-lx106-elf/lib/libc.a(lib_a-ctype_.o)
                0x000000003ffe8d90                _ctype_
 .rodata.str1.1
                0x000000003ffe8e91        0xd ../../esp-open-rtos/libc/xtensa-lx106-elf/lib/libc.a(lib_a-dtoa.o)
                                          0xf (size before relaxing)
 *fill*         0x000000003ffe8e9e        0x2 
 .rodata        0x000000003ffe8ea0       0x60 ../../esp-open-rtos/libc/xtensa-lx106-elf/lib/libc.a(lib_a-findfp.o)
                0x000000003ffe8ea0                __sf_fake_stderr
                0x000000003ffe8ec0                __sf_fake_stdout
                0x000000003ffe8ee0                __sf_fake_stdin
 .rodata.str1.1
                0x000000003ffe8f00        0x8 ../../esp-open-rtos/libc/xtensa-lx106-elf/lib/libc.a(lib_a-locale.o)
                                          0xb (size before relaxing)
 .rodata        0x000000003ffe8f08      0x128 ../../esp-open-rtos/libc/xtensa-lx106-elf/lib/libc.a(lib_a-mprec.o)
                0x000000003ffe8f18                __mprec_tinytens
                0x000000003ffe8f40                __mprec_bigtens
                0x000000003ffe8f68                __mprec_tens
 .rodata.str1.1
                0x000000003ffe9030       0x11 ../../esp-open-rtos/libc/xtensa-lx106-elf/lib/libc.a(lib_a-nano-svfprintf.o)
 .rodata.str1.1
                0x000000003ffe9041       0x11 ../../esp-open-rtos/libc/xtensa-lx106-elf/lib/libc.a(lib_a-nano-vfprintf.o)
 *freertos.a:*(.rodata.* .rodata)
 *fill*         0x000000003ffe9041        0x3 
 .rodata.str1.4
                0x000000003ffe9044        0x5 ./build/freertos.a(tasks.o)
 *fill*         0x000000003ffe9049        0x3 
 .rodata.str1.4
                0x000000003ffe904c        0x8 ./build/freertos.a(timers.o)
 *libmain.a:spi_flash.o(.rodata.* .rodata)
 *libpp.a:wdev.o(.rodata.* .rodata)
 .rodata.str1.4
                0x000000003ffe9054       0x10 ./build/sdklib/libpp.a(wdev.o)
                                          0xf (size before relaxing)
                0x000000003ffe9064                _rodata_end = ABSOLUTE (.)

.bss            0x000000003ffe9068     0x83d8
                0x000000003ffe9068                . = ALIGN (0x8)
                0x000000003ffe9068                _bss_start = ABSOLUTE (.)
 *(.dynsbss)
 *(.sbss)
 *(.sbss.*)
 *(.gnu.linkonce.sb.*)
 *(.scommon)
 *(.sbss2)
 *(.sbss2.*)
 *(.gnu.linkonce.sb2.*)
 *(.dynbss)
 *(.bss)
 *fill*         0x000000003ffe9068        0x8 
 .bss           0x000000003ffe9070      0x228 ./build/core.a(exception_vectors.o)
                0x000000003ffe9284                debug_saved_ctx
 .bss           0x000000003ffe9298       0x28 ../../esp-open-rtos/libc/xtensa-lx106-elf/lib/libc.a(lib_a-nano-mallinfor.o)
                0x000000003ffe9298                __malloc_current_mallinfo
 .bss           0x000000003ffe92c0        0x8 ../../esp-open-rtos/libc/xtensa-lx106-elf/lib/libc.a(lib_a-nano-mallocr.o)
                0x000000003ffe92c0                __malloc_sbrk_start
                0x000000003ffe92c4                __malloc_free_list
 .bss           0x000000003ffe92c8        0x8 ../../esp-open-rtos/libc/xtensa-lx106-elf/lib/libc.a(lib_a-findfp.o)
 .bss           0x000000003ffe92d0        0x4 ../../esp-open-rtos/libc/xtensa-lx106-elf/lib/libc.a(lib_a-mlock.o)
 *fill*         0x000000003ffe92d4        0xc 
 .bss           0x000000003ffe92e0       0x40 ./build/sdklib/libmain.a(ets_timer.o)
                0x000000003ffe92e8                sdk_debug_timer
                0x000000003ffe92ec                sdk_debug_timerfn
 .bss           0x000000003ffe9320      0x131 ./build/sdklib/libmain.a(user_interface.o)
 *fill*         0x000000003ffe9451        0x3 
 .bss           0x000000003ffe9454      0x54c ./build/sdklib/libnet80211.a(ieee80211.o)
                0x000000003ffe9454                sdk_g_ic
                0x000000003ffe999c                sdk_xieee80211Queue
 .bss           0x000000003ffe99a0       0x28 ./build/sdklib/libnet80211.a(ieee80211_hostap.o)
                0x000000003ffe99c0                sdk_TmpSTAAPCloseAP
                0x000000003ffe99c1                sdk_PendFreeBcnEb
 .bss           0x000000003ffe99c8       0xe4 ./build/sdklib/libnet80211.a(ieee80211_scan.o)
                0x000000003ffe99c8                sdk_gScanStruct
                0x000000003ffe9a8c                sdk_auth_type
                0x000000003ffe9a8e                sdk_scannum
 .bss           0x000000003ffe9aac       0x44 ./build/sdklib/libnet80211.a(wl_chm.o)
 .bss           0x000000003ffe9af0      0x780 ./build/sdklib/libnet80211.a(wl_cnx.o)
 .bss           0x000000003ffea270        0x4 ./build/sdklib/libphy.a(phy.o)
 *fill*         0x000000003ffea274        0xc 
 .bss           0x000000003ffea280      0x38b ./build/sdklib/libphy.a(phy_chip_v6.o)
                0x000000003ffea280                sdk_rxiq_compute_num
                0x000000003ffea284                sdk_rxdc_init_flag
                0x000000003ffea288                sdk_check_result
                0x000000003ffea28c                sdk_chip6_sleep_params
                0x000000003ffea464                sdk_chip6_phy_init_ctrl
                0x000000003ffea4d2                sdk_phy_freq_offset
                0x000000003ffea4d4                sdk_do_pwctrl_flag
                0x000000003ffea4d5                sdk_pwctrl_debug
                0x000000003ffea4d6                sdk_txbk_dpdby_flag
                0x000000003ffea4d8                sdk_sw_scan_mode
                0x000000003ffea4ec                sdk_periodic_cal_dc_num
                0x000000003ffea4f0                sdk_periodic_cal_flag
                0x000000003ffea4f1                sdk_bbpll_cal_flag
                0x000000003ffea4f2                sdk_deep_sleep_en
                0x000000003ffea4f8                sdk_noise_array
                0x000000003ffea600                sdk_tx_pwctrl_atten_init
 *fill*         0x000000003ffea60b        0x1 
 .bss           0x000000003ffea60c        0x6 ./build/sdklib/libphy.a(phy_chip_v6_cal.o)
                0x000000003ffea60c                sdk_loop_pwctrl_pwdet_error_accum_high_power
                0x000000003ffea60e                sdk_tx_pwctrl_pk_num
                0x000000003ffea60f                sdk_loop_pwctrl_correct_atten_high_power
                0x000000003ffea610                sdk_tx_pwctrl_set_chan_flag
                0x000000003ffea611                sdk_rxiq_cover_fail_num
 *fill*         0x000000003ffea612        0x2 
 .bss           0x000000003ffea614        0x4 ./build/sdklib/libphy.a(phy_sleep.o)
                0x000000003ffea614                sdk_periodic_cal_sat
                0x000000003ffea615                sdk_software_slp_reject
                0x000000003ffea616                sdk_SDIO_slp_reject
                0x000000003ffea617                sdk_hardware_reject
 *fill*         0x000000003ffea618        0x8 
 .bss           0x000000003ffea620     0x11e8 ./build/sdklib/libpp.a(esf_buf.o)
 *fill*         0x000000003ffeb808        0x8 
 .bss           0x000000003ffeb810       0x30 ./build/sdklib/libpp.a(if_hwctrl.o)
                0x000000003ffeb810                sdk_interface_mask
                0x000000003ffeb820                sdk_if_ctrl
 .bss           0x000000003ffeb840      0x150 ./build/sdklib/libpp.a(lmac.o)
                0x000000003ffeb844                sdk_lmacConfMib
 .bss           0x000000003ffeb990      0x149 ./build/sdklib/libpp.a(pm.o)
 *fill*         0x000000003ffebad9        0x7 
 .bss           0x000000003ffebae0      0x352 ./build/sdklib/libpp.a(pp.o)
                0x000000003ffebb08                sdk_pend_flag_noise_check
                0x000000003ffebb10                sdk_pend_flag_periodic_cal
                0x000000003ffebb34                sdk_dbg_stop_sw_wdt
                0x000000003ffebb35                sdk_dbg_stop_hw_wdt
 *fill*         0x000000003ffebe32        0xe 
 .bss           0x000000003ffebe40      0x100 ./build/sdklib/libpp.a(rate_control.o)
 .bss           0x000000003ffebf40      0x268 ./build/sdklib/libpp.a(trc.o)
 *fill*         0x000000003ffec1a8        0x8 
 .bss           0x000000003ffec1b0     0x4721 ./build/sdklib/libpp.a(wdev.o)
                0x000000003ffec1b0                sdk_wDevCtrl
                0x000000003ffec354                sdk_NMIIrqIsOn
                0x000000003ffec358                sdk_WdevTimOffSet
 *fill*         0x000000003fff08d1        0xf 
 .bss           0x000000003fff08e0      0x27a ./build/sdklib/libwpa.a(wpa.o)
 *fill*         0x000000003fff0b5a        0x6 
 .bss           0x000000003fff0b60       0xb0 ./build/sdklib/libwpa.a(aes-internal-dec.o)
 .bss           0x000000003fff0c10        0x8 ./build/sdklib/libnet80211.a(ieee80211_crypto_tkip.o)
 *(.bss.*)
 .bss.armed_timer_count
                0x000000003fff0c18        0x1 ./build/open_esplibs_libmain.a(timers.o)
 *fill*         0x000000003fff0c19        0x3 
 .bss.timer_list
                0x000000003fff0c1c        0x4 ./build/open_esplibs_libmain.a(timers.o)
 .bss.uxSchedulerSuspended
                0x000000003fff0c20        0x4 ./build/freertos.a(tasks.o)
 .bss.xIdleTaskHandle
                0x000000003fff0c24        0x4 ./build/freertos.a(tasks.o)
 .bss.xNextTaskUnblockTime
                0x000000003fff0c28        0x4 ./build/freertos.a(tasks.o)
 .bss.uxTaskNumber
                0x000000003fff0c2c        0x4 ./build/freertos.a(tasks.o)
 .bss.xNumOfOverflows
                0x000000003fff0c30        0x4 ./build/freertos.a(tasks.o)
 .bss.xYieldPending
                0x000000003fff0c34        0x4 ./build/freertos.a(tasks.o)
 .bss.uxPendedTicks
                0x000000003fff0c38        0x4 ./build/freertos.a(tasks.o)
 .bss.xSchedulerRunning
                0x000000003fff0c3c        0x4 ./build/freertos.a(tasks.o)
 .bss.uxTopReadyPriority
                0x000000003fff0c40        0x4 ./build/freertos.a(tasks.o)
 .bss.xTickCount
                0x000000003fff0c44        0x4 ./build/freertos.a(tasks.o)
 .bss.uxCurrentNumberOfTasks
                0x000000003fff0c48        0x4 ./build/freertos.a(tasks.o)
 .bss.xSuspendedTaskList
                0x000000003fff0c4c       0x14 ./build/freertos.a(tasks.o)
 .bss.uxDeletedTasksWaitingCleanUp
                0x000000003fff0c60        0x4 ./build/freertos.a(tasks.o)
 .bss.xTasksWaitingTermination
                0x000000003fff0c64       0x14 ./build/freertos.a(tasks.o)
 .bss.xPendingReadyList
                0x000000003fff0c78       0x14 ./build/freertos.a(tasks.o)
 .bss.pxOverflowDelayedTaskList
                0x000000003fff0c8c        0x4 ./build/freertos.a(tasks.o)
 .bss.pxDelayedTaskList
                0x000000003fff0c90        0x4 ./build/freertos.a(tasks.o)
 .bss.xDelayedTaskList2
                0x000000003fff0c94       0x14 ./build/freertos.a(tasks.o)
 .bss.xDelayedTaskList1
                0x000000003fff0ca8       0x14 ./build/freertos.a(tasks.o)
 .bss.pxReadyTasksLists
                0x000000003fff0cbc      0x12c ./build/freertos.a(tasks.o)
 .bss.pxCurrentTCB
                0x000000003fff0de8        0x4 ./build/freertos.a(tasks.o)
                0x000000003fff0de8                pxCurrentTCB
 .bss.xLastTime$3406
                0x000000003fff0dec        0x4 ./build/freertos.a(timers.o)
 .bss.xTimerTaskHandle
                0x000000003fff0df0        0x4 ./build/freertos.a(timers.o)
 .bss.xTimerQueue
                0x000000003fff0df4        0x4 ./build/freertos.a(timers.o)
 .bss.pxOverflowTimerList
                0x000000003fff0df8        0x4 ./build/freertos.a(timers.o)
 .bss.pxCurrentTimerList
                0x000000003fff0dfc        0x4 ./build/freertos.a(timers.o)
 .bss.xActiveTimerList2
                0x000000003fff0e00       0x14 ./build/freertos.a(timers.o)
 .bss.xActiveTimerList1
                0x000000003fff0e14       0x14 ./build/freertos.a(timers.o)
 .bss.uxCriticalNesting
                0x000000003fff0e28        0x4 ./build/freertos.a(port.o)
 .bss.pending_maclayer_sv
                0x000000003fff0e2c        0x4 ./build/freertos.a(port.o)
 .bss.pending_soft_sv
                0x000000003fff0e30        0x4 ./build/freertos.a(port.o)
 .bss.mbox      0x000000003fff0e34        0x4 ./build/lwip.a(tcpip.o)
 .bss.tcpip_init_done_arg
                0x000000003fff0e38        0x4 ./build/lwip.a(tcpip.o)
 .bss.tcpip_init_done
                0x000000003fff0e3c        0x4 ./build/lwip.a(tcpip.o)
 .bss.xid$3757  0x000000003fff0e40        0x4 ./build/lwip.a(dhcp.o)
 .bss.tcp_timer_ctr
                0x000000003fff0e44        0x1 ./build/lwip.a(tcp.o)
 .bss.tcp_timer
                0x000000003fff0e45        0x1 ./build/lwip.a(tcp.o)
 *fill*         0x000000003fff0e46        0x2 
 .bss.dns_payload
                0x000000003fff0e48        0x4 ./build/lwip.a(dns.o)
 .bss.dns_payload_buffer
                0x000000003fff0e4c      0x203 ./build/lwip.a(dns.o)
 *fill*         0x000000003fff104f        0x1 
 .bss.dns_servers
                0x000000003fff1050        0x8 ./build/lwip.a(dns.o)
 .bss.dns_table
                0x000000003fff1058       0x98 ./build/lwip.a(dns.o)
 .bss.dns_pcb   0x000000003fff10f0        0x4 ./build/lwip.a(dns.o)
 .bss.netif_num
                0x000000003fff10f4        0x1 ./build/lwip.a(netif.o)
 *fill*         0x000000003fff10f5        0x3 
 .bss.tcpip_tcp_timer_active
                0x000000003fff10f8        0x4 ./build/lwip.a(timers.o)
 .bss.next_timeout
                0x000000003fff10fc        0x4 ./build/lwip.a(timers.o)
 .bss.allrouters
                0x000000003fff1100        0x4 ./build/lwip.a(igmp.o)
 .bss.allsystems
                0x000000003fff1104        0x4 ./build/lwip.a(igmp.o)
 .bss.igmp_group_list
                0x000000003fff1108        0x4 ./build/lwip.a(igmp.o)
 .bss.ip_id     0x000000003fff110c        0x2 ./build/lwip.a(ip.o)
 .bss.etharp_cached_entry
                0x000000003fff110e        0x1 ./build/lwip.a(etharp.o)
 *fill*         0x000000003fff110f        0x1 
 .bss.arp_table
                0x000000003fff1110       0xc8 ./build/lwip.a(etharp.o)
 .bss.raw_pcbs  0x000000003fff11d8        0x4 ./build/lwip.a(raw.o)
 .bss.recv_data
                0x000000003fff11dc        0x4 ./build/lwip.a(tcp_in.o)
 .bss.recv_flags
                0x000000003fff11e0        0x1 ./build/lwip.a(tcp_in.o)
 *fill*         0x000000003fff11e1        0x1 
 .bss.tcplen    0x000000003fff11e2        0x2 ./build/lwip.a(tcp_in.o)
 .bss.flags     0x000000003fff11e4        0x1 ./build/lwip.a(tcp_in.o)
 *fill*         0x000000003fff11e5        0x3 
 .bss.ackno     0x000000003fff11e8        0x4 ./build/lwip.a(tcp_in.o)
 .bss.seqno     0x000000003fff11ec        0x4 ./build/lwip.a(tcp_in.o)
 .bss.iphdr     0x000000003fff11f0        0x4 ./build/lwip.a(tcp_in.o)
 .bss.tcphdr    0x000000003fff11f4        0x4 ./build/lwip.a(tcp_in.o)
 .bss.inseg     0x000000003fff11f8       0x10 ./build/lwip.a(tcp_in.o)
 .bss._sysparam_info
                0x000000003fff1208       0x18 ./build/core.a(sysparam.o)
 .bss.wifi_alive
                0x000000003fff1220        0x4 ./build/program.a(upnp_test.o)
 .bss.heap_end$2142
                0x000000003fff1224        0x4 ./build/core.a(newlib_syscalls.o)
 *(.gnu.linkonce.b.*)
 *(COMMON)
 COMMON         0x000000003fff1228       0x28 ./build/open_esplibs_libmain.a(user_interface.o)
                0x000000003fff1228                sdk_cpu_overclock
                0x000000003fff122c                sdk_rst_if
                0x000000003fff124c                sdk_promiscuous_cb
 COMMON         0x000000003fff1250        0x4 ./build/open_esplibs_libmain.a(misc.o)
                0x000000003fff1250                sdk__putc1
 COMMON         0x000000003fff1254       0x20 ./build/open_esplibs_libnet80211.a(wl_cnx.o)
                0x000000003fff1254                sdk_sta_con_timer
                0x000000003fff1270                sdk_g_cnx_probe_rc_list_cb
 COMMON         0x000000003fff1274        0xc ./build/freertos.a(port.o)
                0x000000003fff1274                level1_int_disabled
                0x000000003fff1278                cpu_sr
                0x000000003fff127c                xPortSupervisorStackPointer
 COMMON         0x000000003fff1280       0x34 ./build/lwip.a(dhcp.o)
                0x000000003fff1280                dhcp_rx_options_given
                0x000000003fff128c                dhcp_rx_options_val
 COMMON         0x000000003fff12b4       0x1c ./build/lwip.a(tcp.o)
                0x000000003fff12b4                tcp_active_pcbs_changed
                0x000000003fff12b8                tcp_active_pcbs
                0x000000003fff12bc                tcp_ticks
                0x000000003fff12c0                tcp_listen_pcbs
                0x000000003fff12c4                tcp_tmp_pcb
                0x000000003fff12c8                tcp_bound_pcbs
                0x000000003fff12cc                tcp_tw_pcbs
 COMMON         0x000000003fff12d0       0xd6 ./build/lwip.a(stats.o)
                0x000000003fff12d0                lwip_stats
 *fill*         0x000000003fff13a6        0x2 
 COMMON         0x000000003fff13a8        0x8 ./build/lwip.a(netif.o)
                0x000000003fff13a8                netif_list
                0x000000003fff13ac                netif_default
 COMMON         0x000000003fff13b0        0x4 ./build/lwip.a(udp.o)
                0x000000003fff13b0                udp_pcbs
 COMMON         0x000000003fff13b4       0x10 ./build/lwip.a(ip.o)
                0x000000003fff13b4                current_iphdr_src
                0x000000003fff13b8                current_netif
                0x000000003fff13bc                current_iphdr_dest
                0x000000003fff13c0                current_header
 COMMON         0x000000003fff13c4        0x4 ./build/lwip.a(tcp_in.o)
                0x000000003fff13c4                tcp_input_pcb
 COMMON         0x000000003fff13c8       0x41 ./build/core.a(esp_interrupts.o)
                0x000000003fff13c8                isr
                0x000000003fff1408                esp_in_isr
 *fill*         0x000000003fff1409        0x3 
 COMMON         0x000000003fff140c       0x2d ./build/core.a(app_main.o)
                0x000000003fff140c                sdk_info
                0x000000003fff1430                sdk_xWatchDogTaskHandle
                0x000000003fff1434                sdk_xUserTaskHandle
                0x000000003fff1438                sdk_user_init_flag
                0x000000003fff1440                . = ALIGN (0x8)
 *fill*         0x000000003fff1439        0x7 
                0x000000003fff1440                _bss_end = ABSOLUTE (.)
                0x000000003fff1440                _heap_start = ABSOLUTE (.)

.irom0.text     0x0000000040202010    0x35b48
                0x0000000040202010                _irom0_text_start = ABSOLUTE (.)
 *(.literal .text .literal.* .text.* .rodata .rodata.*)
 .text._check_boot_version
                0x0000000040202010       0x3a ./build/open_esplibs_libmain.a(user_interface.o)
                                         0x3e (size before relaxing)
 *fill*         0x000000004020204a        0x2 
 .text.sdk_system_pp_recycle_rx_pkt
                0x000000004020204c        0xf ./build/open_esplibs_libmain.a(user_interface.o)
                                         0x17 (size before relaxing)
                0x000000004020204c                sdk_system_pp_recycle_rx_pkt
 *fill*         0x000000004020205b        0x1 
 .text.sdk_system_restart
                0x000000004020205c       0x53 ./build/open_esplibs_libmain.a(user_interface.o)
                                         0x7b (size before relaxing)
                0x0000000040202068                sdk_system_restart
 *fill*         0x00000000402020af        0x1 
 .text.sdk_system_get_boot_version
                0x00000000402020b0        0xe ./build/open_esplibs_libmain.a(user_interface.o)
                                         0x12 (size before relaxing)
                0x00000000402020b0                sdk_system_get_boot_version
 *fill*         0x00000000402020be        0x2 
 .text.sdk_system_get_test_result
                0x00000000402020c0       0x22 ./build/open_esplibs_libmain.a(user_interface.o)
                                         0x2e (size before relaxing)
                0x00000000402020c0                sdk_system_get_test_result
 *fill*         0x00000000402020e2        0x2 
 .text.sdk_system_upgrade_userbin_check
                0x00000000402020e4       0x40 ./build/open_esplibs_libmain.a(user_interface.o)
                                         0x44 (size before relaxing)
                0x00000000402020e4                sdk_system_upgrade_userbin_check
 .text.sdk_system_get_userbin_addr
                0x0000000040202124       0x96 ./build/open_esplibs_libmain.a(user_interface.o)
                                         0x9e (size before relaxing)
                0x0000000040202134                sdk_system_get_userbin_addr
 *fill*         0x00000000402021ba        0x2 
 .text.sdk_system_update_cpu_freq
                0x00000000402021bc       0x61 ./build/open_esplibs_libmain.a(user_interface.o)
                                         0x69 (size before relaxing)
                0x00000000402021c0                sdk_system_update_cpu_freq
 *fill*         0x000000004020221d        0x3 
 .text.sdk_system_get_cpu_freq
                0x0000000040202220       0x1a ./build/open_esplibs_libmain.a(user_interface.o)
                0x0000000040202224                sdk_system_get_cpu_freq
 *fill*         0x000000004020223a        0x2 
 .text.sdk_system_overclock
                0x000000004020223c       0x31 ./build/open_esplibs_libmain.a(user_interface.o)
                                         0x3d (size before relaxing)
                0x0000000040202240                sdk_system_overclock
 *fill*         0x000000004020226d        0x3 
 .text.sdk_system_restoreclock
                0x0000000040202270       0x33 ./build/open_esplibs_libmain.a(user_interface.o)
                                         0x43 (size before relaxing)
                0x0000000040202270                sdk_system_restoreclock
 *fill*         0x00000000402022a3        0x1 
 .text.sdk_system_station_got_ip_set
                0x00000000402022a4       0x91 ./build/open_esplibs_libmain.a(user_interface.o)
                                         0xa9 (size before relaxing)
                0x00000000402022b0                sdk_system_station_got_ip_set
 *fill*         0x0000000040202335        0x3 
 .text.sdk_system_get_netif
                0x0000000040202338       0x18 ./build/open_esplibs_libmain.a(user_interface.o)
                                         0x1c (size before relaxing)
                0x0000000040202338                sdk_system_get_netif
 .text.sdk_wifi_station_get_connect_status
                0x0000000040202350       0x21 ./build/open_esplibs_libmain.a(user_interface.o)
                                         0x2d (size before relaxing)
                0x0000000040202350                sdk_wifi_station_get_connect_status
 *fill*         0x0000000040202371        0x3 
 .text.sdk_wifi_get_ip_info
                0x0000000040202374       0x36 ./build/open_esplibs_libmain.a(user_interface.o)
                                         0x3a (size before relaxing)
                0x0000000040202374                sdk_wifi_get_ip_info
 *fill*         0x00000000402023aa        0x2 
 .text.sdk_wifi_get_macaddr
                0x00000000402023ac       0x67 ./build/open_esplibs_libmain.a(user_interface.o)
                                         0x73 (size before relaxing)
                0x00000000402023b4                sdk_wifi_get_macaddr
 *fill*         0x0000000040202413        0x1 
 .text.sdk_os_update_cpu_frequency
                0x0000000040202414        0xb ./build/open_esplibs_libmain.a(misc.o)
                0x0000000040202418                sdk_os_update_cpu_frequency
                0x0000000040202418                sdk_ets_update_cpu_frequency
 *fill*         0x000000004020241f        0x1 
 .text.sdk_os_delay_us
                0x0000000040202420       0x33 ./build/open_esplibs_libmain.a(misc.o)
                                         0x3f (size before relaxing)
                0x0000000040202420                sdk_os_delay_us
                0x0000000040202420                sdk_ets_delay_us
 *fill*         0x0000000040202453        0x1 
 .text.sdk_os_install_putc1
                0x0000000040202454        0xb ./build/open_esplibs_libmain.a(misc.o)
                0x0000000040202458                sdk_os_install_putc1
 *fill*         0x000000004020245f        0x1 
 .text.sdk_gpio_output_set
                0x0000000040202460       0x1d ./build/open_esplibs_libmain.a(misc.o)
                0x0000000040202464                sdk_gpio_output_set
 *fill*         0x000000004020247d        0x3 
 .text.sdk_rtc_get_reset_reason
                0x0000000040202480       0x4a ./build/open_esplibs_libmain.a(misc.o)
                0x0000000040202488                sdk_rtc_get_reset_reason
 *fill*         0x00000000402024ca        0x2 
 .text.timer_tramp
                0x00000000402024cc       0x17 ./build/open_esplibs_libmain.a(timers.o)
                                         0x1f (size before relaxing)
 *fill*         0x00000000402024e3        0x1 
 .text.sdk_os_timer_setfn
                0x00000000402024e4       0xac ./build/open_esplibs_libmain.a(timers.o)
                                         0xb8 (size before relaxing)
                0x00000000402024f4                sdk_os_timer_setfn
 .text.sdk_os_timer_arm
                0x0000000040202590       0xac ./build/open_esplibs_libmain.a(timers.o)
                                         0xd4 (size before relaxing)
                0x000000004020259c                sdk_os_timer_arm
 .text.sdk_os_timer_disarm
                0x000000004020263c       0x27 ./build/open_esplibs_libmain.a(timers.o)
                                         0x37 (size before relaxing)
                0x0000000040202640                sdk_os_timer_disarm
 *fill*         0x0000000040202663        0x1 
 .text.sdk_sta_status_set
                0x0000000040202664       0x42 ./build/open_esplibs_libnet80211.a(ieee80211_sta.o)
                                         0x46 (size before relaxing)
                0x0000000040202664                sdk_sta_status_set
 *fill*         0x00000000402026a6        0x2 
 .text.sdk_wifi_station_start
                0x00000000402026a8       0xa7 ./build/open_esplibs_libnet80211.a(ieee80211_sta.o)
                                         0xc3 (size before relaxing)
                0x00000000402026c4                sdk_wifi_station_start
 *fill*         0x000000004020274f        0x1 
 .text.sdk_wifi_station_stop
                0x0000000040202750       0x4b ./build/open_esplibs_libnet80211.a(ieee80211_sta.o)
                                         0x5b (size before relaxing)
                0x0000000040202750                sdk_wifi_station_stop
 *fill*         0x000000004020279b        0x1 
 .text.sdk_wpa_config_assoc_ie
                0x000000004020279c       0x17 ./build/open_esplibs_libwpa.a(wpa_main.o)
                                         0x1b (size before relaxing)
                0x000000004020279c                sdk_wpa_config_assoc_ie
 *fill*         0x00000000402027b3        0x1 
 .text.sdk_dhcp_bind_check
                0x00000000402027b4       0x22 ./build/open_esplibs_libwpa.a(wpa_main.o)
                                         0x26 (size before relaxing)
                0x00000000402027b4                sdk_dhcp_bind_check
 *fill*         0x00000000402027d6        0x2 
 .text.wpa_callback2
                0x00000000402027d8       0x33 ./build/open_esplibs_libwpa.a(wpa_main.o)
                                         0x47 (size before relaxing)
 *fill*         0x000000004020280b        0x1 
 .text.wpa_callback1
                0x000000004020280c       0x1b ./build/open_esplibs_libwpa.a(wpa_main.o)
                                         0x23 (size before relaxing)
 *fill*         0x0000000040202827        0x1 
 .text.sdk_wpa_config_profile
                0x0000000040202828       0x49 ./build/open_esplibs_libwpa.a(wpa_main.o)
                                         0x58 (size before relaxing)
                0x0000000040202828                sdk_wpa_config_profile
 *fill*         0x0000000040202871        0x3 
 .text.sdk_wpa_config_bss
                0x0000000040202874       0x3c ./build/open_esplibs_libwpa.a(wpa_main.o)
                                         0x40 (size before relaxing)
                0x0000000040202874                sdk_wpa_config_bss
 .text.sdk_eagle_auth_done
                0x00000000402028b0       0xd7 ./build/open_esplibs_libwpa.a(wpa_main.o)
                                        0x10b (size before relaxing)
                0x00000000402028d0                sdk_eagle_auth_done
 *fill*         0x0000000040202987        0x1 
 .text.sdk_wpa_neg_complete
                0x0000000040202988        0xf ./build/open_esplibs_libwpa.a(wpa_main.o)
                                         0x17 (size before relaxing)
                0x0000000040202988                sdk_wpa_neg_complete
 *fill*         0x0000000040202997        0x1 
 .text.sdk_wpa_attach
                0x0000000040202998       0x4f ./build/open_esplibs_libwpa.a(wpa_main.o)
                                         0x5f (size before relaxing)
                0x00000000402029b0                sdk_wpa_attach
 *fill*         0x00000000402029e7        0x1 
 .text.prvResetNextTaskUnblockTime
                0x00000000402029e8       0x35 ./build/freertos.a(tasks.o)
 *fill*         0x0000000040202a1d        0x3 
 .text.prvAddCurrentTaskToDelayedList
                0x0000000040202a20       0xa4 ./build/freertos.a(tasks.o)
                                         0xc4 (size before relaxing)
 .text.xTaskCreate
                0x0000000040202ac4      0x22a ./build/freertos.a(tasks.o)
                                        0x28a (size before relaxing)
                0x0000000040202b00                xTaskCreate
 *fill*         0x0000000040202cee        0x2 
 .text.vTaskDelete
                0x0000000040202cf0       0xb7 ./build/freertos.a(tasks.o)
                                         0xf3 (size before relaxing)
                0x0000000040202cf4                vTaskDelete
 *fill*         0x0000000040202da7        0x1 
 .text.vTaskStartScheduler
                0x0000000040202da8       0x7f ./build/freertos.a(tasks.o)
                                         0x9f (size before relaxing)
                0x0000000040202dc0                vTaskStartScheduler
 *fill*         0x0000000040202e27        0x1 
 .text.vTaskSuspendAll
                0x0000000040202e28       0x15 ./build/freertos.a(tasks.o)
                0x0000000040202e2c                vTaskSuspendAll
 *fill*         0x0000000040202e3d        0x3 
 .text.xTaskGetTickCount
                0x0000000040202e40       0x27 ./build/freertos.a(tasks.o)
                                         0x33 (size before relaxing)
                0x0000000040202e40                xTaskGetTickCount
 *fill*         0x0000000040202e67        0x1 
 .text.xTaskIncrementTick
                0x0000000040202e68      0x170 ./build/freertos.a(tasks.o)
                                        0x1a4 (size before relaxing)
                0x0000000040202e74                xTaskIncrementTick
 .text.xTaskResumeAll
                0x0000000040202fd8       0xe9 ./build/freertos.a(tasks.o)
                                        0x13d (size before relaxing)
                0x0000000040202fd8                xTaskResumeAll
 *fill*         0x00000000402030c1        0x3 
 .text.vTaskDelay
                0x00000000402030c4       0x38 ./build/freertos.a(tasks.o)
                                         0x4c (size before relaxing)
                0x00000000402030c4                vTaskDelay
 .text.prvIdleTask
                0x00000000402030fc       0x8c ./build/freertos.a(tasks.o)
                                         0xc0 (size before relaxing)
 .text.vTaskSwitchContext
                0x0000000040203188       0xc1 ./build/freertos.a(tasks.o)
                                         0xd5 (size before relaxing)
                0x0000000040203190                vTaskSwitchContext
 *fill*         0x0000000040203249        0x3 
 .text.vTaskPlaceOnEventList
                0x000000004020324c       0x29 ./build/freertos.a(tasks.o)
                                         0x39 (size before relaxing)
                0x000000004020324c                vTaskPlaceOnEventList
 *fill*         0x0000000040203275        0x3 
 .text.vTaskPlaceOnEventListRestricted
                0x0000000040203278       0x33 ./build/freertos.a(tasks.o)
                                         0x43 (size before relaxing)
                0x0000000040203278                vTaskPlaceOnEventListRestricted
 *fill*         0x00000000402032ab        0x1 
 .text.xTaskRemoveFromEventList
                0x00000000402032ac       0x77 ./build/freertos.a(tasks.o)
                                         0xaf (size before relaxing)
                0x00000000402032ac                xTaskRemoveFromEventList
 *fill*         0x0000000040203323        0x1 
 .text.vTaskSetTimeOutState
                0x0000000040203324       0x16 ./build/freertos.a(tasks.o)
                                         0x1e (size before relaxing)
                0x0000000040203324                vTaskSetTimeOutState
 *fill*         0x000000004020333a        0x2 
 .text.xTaskCheckForTimeOut
                0x000000004020333c       0x75 ./build/freertos.a(tasks.o)
                                         0x85 (size before relaxing)
                0x000000004020333c                xTaskCheckForTimeOut
 *fill*         0x00000000402033b1        0x3 
 .text.vTaskMissedYield
                0x00000000402033b4        0xc ./build/freertos.a(tasks.o)
                                         0x10 (size before relaxing)
                0x00000000402033b4                vTaskMissedYield
 .text.uxTaskGetStackHighWaterMark
                0x00000000402033c0       0x2c ./build/freertos.a(tasks.o)
                                         0x30 (size before relaxing)
                0x00000000402033c0                uxTaskGetStackHighWaterMark
 .text.xTaskGetSchedulerState
                0x00000000402033ec       0x1e ./build/freertos.a(tasks.o)
                                         0x26 (size before relaxing)
                0x00000000402033ec                xTaskGetSchedulerState
 *fill*         0x000000004020340a        0x2 
 .text.vTaskPriorityInherit
                0x000000004020340c       0x94 ./build/freertos.a(tasks.o)
                                         0xa8 (size before relaxing)
                0x000000004020340c                vTaskPriorityInherit
 .text.xTaskPriorityDisinherit
                0x00000000402034a0       0x6b ./build/freertos.a(tasks.o)
                                         0x7b (size before relaxing)
                0x00000000402034a0                xTaskPriorityDisinherit
 *fill*         0x000000004020350b        0x1 
 .text.pvTaskIncrementMutexHeldCount
                0x000000004020350c       0x1f ./build/freertos.a(tasks.o)
                                         0x23 (size before relaxing)
                0x000000004020350c                pvTaskIncrementMutexHeldCount
 *fill*         0x000000004020352b        0x1 
 .text.prvCheckForValidListAndQueue
                0x000000004020352c       0x69 ./build/freertos.a(timers.o)
                                         0x89 (size before relaxing)
 *fill*         0x0000000040203595        0x3 
 .text.prvInsertTimerInActiveList
                0x0000000040203598       0x45 ./build/freertos.a(timers.o)
                                         0x59 (size before relaxing)
 *fill*         0x00000000402035dd        0x3 
 .text.xTimerCreateTimerTask
                0x00000000402035e0       0x3d ./build/freertos.a(timers.o)
                                         0x4d (size before relaxing)
                0x00000000402035ec                xTimerCreateTimerTask
 *fill*         0x000000004020361d        0x3 
 .text.xTimerCreate
                0x0000000040203620       0x4d ./build/freertos.a(timers.o)
                                         0x5d (size before relaxing)
                0x0000000040203620                xTimerCreate
 *fill*         0x000000004020366d        0x3 
 .text.xTimerGenericCommand
                0x0000000040203670       0x67 ./build/freertos.a(timers.o)
                                         0x7f (size before relaxing)
                0x0000000040203670                xTimerGenericCommand
 *fill*         0x00000000402036d7        0x1 
 .text.prvSwitchTimerLists
                0x00000000402036d8       0x76 ./build/freertos.a(timers.o)
                                         0x8e (size before relaxing)
 *fill*         0x000000004020374e        0x2 
 .text.prvTimerTask
                0x0000000040203750      0x18b ./build/freertos.a(timers.o)
                                        0x20b (size before relaxing)
 *fill*         0x00000000402038db        0x1 
 .text.pvTimerGetTimerID
                0x00000000402038dc       0x23 ./build/freertos.a(timers.o)
                                         0x2b (size before relaxing)
                0x00000000402038dc                pvTimerGetTimerID
 *fill*         0x00000000402038ff        0x1 
 .text.pxPortInitialiseStack
                0x0000000040203900       0x37 ./build/freertos.a(port.o)
                0x0000000040203904                pxPortInitialiseStack
 *fill*         0x0000000040203937        0x1 
 .text.xPortSysTickHandle
                0x0000000040203938       0x14 ./build/freertos.a(port.o)
                                         0x23 (size before relaxing)
                0x0000000040203938                xPortSysTickHandle
 *fill*         0x000000004020394c        0x0 
 .text.xPortStartScheduler
                0x000000004020394c       0x72 ./build/freertos.a(port.o)
                                         0x7a (size before relaxing)
                0x0000000040203964                xPortStartScheduler
 *fill*         0x00000000402039be        0x2 
 .text.xPortGetFreeHeapSize
                0x00000000402039c0       0x28 ./build/freertos.a(port.o)
                                         0x38 (size before relaxing)
                0x00000000402039c0                xPortGetFreeHeapSize
 .text.xTaskGenericCreate
                0x00000000402039e8       0x15 ./build/freertos.a(port.o)
                                         0x19 (size before relaxing)
                0x00000000402039e8                xTaskGenericCreate
 *fill*         0x00000000402039fd        0x3 
 .text.prvCopyDataToQueue
                0x0000000040203a00       0xa7 ./build/freertos.a(queue.o)
                                         0xb3 (size before relaxing)
 *fill*         0x0000000040203aa7        0x1 
 .text.prvCopyDataFromQueue
                0x0000000040203aa8       0x2b ./build/freertos.a(queue.o)
                                         0x2f (size before relaxing)
 *fill*         0x0000000040203ad3        0x1 
 .text.prvUnlockQueue
                0x0000000040203ad4       0xb4 ./build/freertos.a(queue.o)
                                         0xdc (size before relaxing)
 .text.xQueueGenericReset
                0x0000000040203b88       0x7d ./build/freertos.a(queue.o)
                                         0x9d (size before relaxing)
                0x0000000040203b88                xQueueGenericReset
 *fill*         0x0000000040203c05        0x3 
 .text.xQueueGenericCreate
                0x0000000040203c08       0x5c ./build/freertos.a(queue.o)
                                         0x68 (size before relaxing)
                0x0000000040203c08                xQueueGenericCreate
 .text.xQueueGenericSend
                0x0000000040203c64      0x12a ./build/freertos.a(queue.o)
                                        0x19e (size before relaxing)
                0x0000000040203c64                xQueueGenericSend
 *fill*         0x0000000040203d8e        0x2 
 .text.xQueueCreateMutex
                0x0000000040203d90       0x31 ./build/freertos.a(queue.o)
                                         0x3d (size before relaxing)
                0x0000000040203d90                xQueueCreateMutex
 *fill*         0x0000000040203dc1        0x3 
 .text.xQueueGenericSendFromISR
                0x0000000040203dc4       0x63 ./build/freertos.a(queue.o)
                                         0x73 (size before relaxing)
                0x0000000040203dc4                xQueueGenericSendFromISR
 *fill*         0x0000000040203e27        0x1 
 .text.xQueueGiveFromISR
                0x0000000040203e28       0x5b ./build/freertos.a(queue.o)
                                         0x5f (size before relaxing)
                0x0000000040203e28                xQueueGiveFromISR
 *fill*         0x0000000040203e83        0x1 
 .text.xQueueGenericReceive
                0x0000000040203e84      0x184 ./build/freertos.a(queue.o)
                                        0x218 (size before relaxing)
                0x0000000040203e84                xQueueGenericReceive
 .text.xQueueReceiveFromISR
                0x0000000040204008       0x6c ./build/freertos.a(queue.o)
                                         0x78 (size before relaxing)
                0x0000000040204008                xQueueReceiveFromISR
 .text.uxQueueMessagesWaiting
                0x0000000040204074       0x27 ./build/freertos.a(queue.o)
                                         0x2f (size before relaxing)
                0x0000000040204074                uxQueueMessagesWaiting
 *fill*         0x000000004020409b        0x1 
 .text.vQueueDelete
                0x000000004020409c       0x13 ./build/freertos.a(queue.o)
                                         0x17 (size before relaxing)
                0x000000004020409c                vQueueDelete
 *fill*         0x00000000402040af        0x1 
 .text.vQueueWaitForMessageRestricted
                0x00000000402040b0       0x6f ./build/freertos.a(queue.o)
                                         0x7f (size before relaxing)
                0x00000000402040b0                vQueueWaitForMessageRestricted
 *fill*         0x000000004020411f        0x1 
 .text.low_level_output
                0x0000000040204120       0x38 ./build/lwip.a(esp_interface.o)
                                         0x40 (size before relaxing)
 .text.ethernetif_init
                0x0000000040204158       0x32 ./build/lwip.a(esp_interface.o)
                0x0000000040204160                ethernetif_init
 *fill*         0x000000004020418a        0x2 
 .text.ethernetif_input
                0x000000004020418c       0x53 ./build/lwip.a(esp_interface.o)
                                         0x5a (size before relaxing)
                0x0000000040204194                ethernetif_input
 *fill*         0x00000000402041df        0x1 
 .text.tcpip_thread
                0x00000000402041e0       0xc3 ./build/lwip.a(tcpip.o)
                                         0xe7 (size before relaxing)
 *fill*         0x00000000402042a3        0x1 
 .text.tcpip_input
                0x00000000402042a4       0x6c ./build/lwip.a(tcpip.o)
                                         0x80 (size before relaxing)
                0x00000000402042a8                tcpip_input
 .text.tcpip_apimsg
                0x0000000040204310       0x42 ./build/lwip.a(tcpip.o)
                                         0x52 (size before relaxing)
                0x0000000040204310                tcpip_apimsg
 *fill*         0x0000000040204352        0x2 
 .text.tcpip_init
                0x0000000040204354       0x47 ./build/lwip.a(tcpip.o)
                                         0x67 (size before relaxing)
                0x000000004020435c                tcpip_init
 *fill*         0x000000004020439b        0x1 
 .text.dhcp_create_msg
                0x000000004020439c      0x1d4 ./build/lwip.a(dhcp.o)
                                        0x1dc (size before relaxing)
 .text.dhcp_rebind
                0x0000000040204570      0x122 ./build/lwip.a(dhcp.o)
                                        0x13e (size before relaxing)
 *fill*         0x0000000040204692        0x2 
 .text.dhcp_discover
                0x0000000040204694      0x176 ./build/lwip.a(dhcp.o)
                                        0x19a (size before relaxing)
 *fill*         0x000000004020480a        0x2 
 .text.dhcp_check
                0x000000004020480c       0x3e ./build/lwip.a(dhcp.o)
                                         0x46 (size before relaxing)
 *fill*         0x000000004020484a        0x2 
 .text.dhcp_bind
                0x000000004020484c      0x13d ./build/lwip.a(dhcp.o)
                                        0x165 (size before relaxing)
 *fill*         0x0000000040204989        0x3 
 .text.dhcp_option_long$isra$3
                0x000000004020498c       0x57 ./build/lwip.a(dhcp.o)
                                         0x5b (size before relaxing)
 *fill*         0x00000000402049e3        0x1 
 .text.dhcp_select
                0x00000000402049e4      0x21c ./build/lwip.a(dhcp.o)
                                        0x254 (size before relaxing)
 .text.dhcp_reboot
                0x0000000040204c00      0x162 ./build/lwip.a(dhcp.o)
                                        0x192 (size before relaxing)
 *fill*         0x0000000040204d62        0x2 
 .text.dhcp_recv
                0x0000000040204d64      0x57f ./build/lwip.a(dhcp.o)
                                        0x5c7 (size before relaxing)
 *fill*         0x00000000402052e3        0x1 
 .text.dhcp_arp_reply
                0x00000000402052e4      0x106 ./build/lwip.a(dhcp.o)
                                        0x132 (size before relaxing)
                0x00000000402052e4                dhcp_arp_reply
 *fill*         0x00000000402053ea        0x2 
 .text.dhcp_renew
                0x00000000402053ec      0x11a ./build/lwip.a(dhcp.o)
                                        0x13a (size before relaxing)
                0x00000000402053ec                dhcp_renew
 *fill*         0x0000000040205506        0x2 
 .text.dhcp_coarse_tmr
                0x0000000040205508       0x96 ./build/lwip.a(dhcp.o)
                                         0xa1 (size before relaxing)
                0x000000004020550c                dhcp_coarse_tmr
 *fill*         0x000000004020559e        0x2 
 .text.dhcp_release
                0x00000000402055a0      0x101 ./build/lwip.a(dhcp.o)
                                        0x13d (size before relaxing)
                0x00000000402055a0                dhcp_release
 *fill*         0x00000000402056a1        0x3 
 .text.dhcp_fine_tmr
                0x00000000402056a4       0xdb ./build/lwip.a(dhcp.o)
                                        0x11a (size before relaxing)
                0x00000000402056a4                dhcp_fine_tmr
 *fill*         0x000000004020577f        0x1 
 .text.dhcp_stop
                0x0000000040205780       0x3f ./build/lwip.a(dhcp.o)
                                         0x43 (size before relaxing)
                0x0000000040205780                dhcp_stop
 *fill*         0x00000000402057bf        0x1 
 .text.dhcp_start
                0x00000000402057c0       0xc0 ./build/lwip.a(dhcp.o)
                                         0xfc (size before relaxing)
                0x00000000402057c4                dhcp_start
 .text.lwip_init
                0x0000000040205880       0x27 ./build/lwip.a(init.o)
                                         0x67 (size before relaxing)
                0x0000000040205880                lwip_init
 *fill*         0x00000000402058a7        0x1 
 .text.tcp_new_port
                0x00000000402058a8       0x60 ./build/lwip.a(tcp.o)
                                         0x64 (size before relaxing)
 .text.tcp_bind
                0x0000000040205908       0x9e ./build/lwip.a(tcp.o)
                                         0xae (size before relaxing)
                0x000000004020590c                tcp_bind
 *fill*         0x00000000402059a6        0x2 
 .text.tcp_listen_with_backlog
                0x00000000402059a8       0xfb ./build/lwip.a(tcp.o)
                                        0x10f (size before relaxing)
                0x00000000402059b4                tcp_listen_with_backlog
 *fill*         0x0000000040205aa3        0x1 
 .text.tcp_recved
                0x0000000040205aa4       0x4a ./build/lwip.a(tcp.o)
                                         0x56 (size before relaxing)
                0x0000000040205aa8                tcp_recved
 *fill*         0x0000000040205aee        0x2 
 .text.tcp_seg_free
                0x0000000040205af0       0x26 ./build/lwip.a(tcp.o)
                                         0x2e (size before relaxing)
                0x0000000040205af0                tcp_seg_free
 *fill*         0x0000000040205b16        0x2 
 .text.tcp_segs_free
                0x0000000040205b18       0x21 ./build/lwip.a(tcp.o)
                                         0x25 (size before relaxing)
                0x0000000040205b18                tcp_segs_free
 *fill*         0x0000000040205b39        0x3 
 .text.tcp_pcb_purge
                0x0000000040205b3c       0x6d ./build/lwip.a(tcp.o)
                                         0x7d (size before relaxing)
                0x0000000040205b3c                tcp_pcb_purge
 *fill*         0x0000000040205ba9        0x3 
 .text.tcp_slowtmr
                0x0000000040205bac      0x2fb ./build/lwip.a(tcp.o)
                                        0x32b (size before relaxing)
                0x0000000040205bc8                tcp_slowtmr
 *fill*         0x0000000040205ea7        0x1 
 .text.tcp_pcb_remove
                0x0000000040205ea8       0x75 ./build/lwip.a(tcp.o)
                                         0x85 (size before relaxing)
                0x0000000040205ea8                tcp_pcb_remove
 *fill*         0x0000000040205f1d        0x3 
 .text.tcp_close_shutdown
                0x0000000040205f20      0x18f ./build/lwip.a(tcp.o)
                                        0x1e3 (size before relaxing)
 *fill*         0x00000000402060af        0x1 
 .text.tcp_close
                0x00000000402060b0       0x27 ./build/lwip.a(tcp.o)
                                         0x2b (size before relaxing)
                0x00000000402060b0                tcp_close
 *fill*         0x00000000402060d7        0x1 
 .text.tcp_recv_null
                0x00000000402060d8       0x3d ./build/lwip.a(tcp.o)
                                         0x4d (size before relaxing)
                0x00000000402060d8                tcp_recv_null
 *fill*         0x0000000040206115        0x3 
 .text.tcp_process_refused_data
                0x0000000040206118       0x91 ./build/lwip.a(tcp.o)
                                         0x9d (size before relaxing)
                0x0000000040206118                tcp_process_refused_data
 *fill*         0x00000000402061a9        0x3 
 .text.tcp_fasttmr
                0x00000000402061ac       0x87 ./build/lwip.a(tcp.o)
                                         0x9b (size before relaxing)
                0x00000000402061ac                tcp_fasttmr
 *fill*         0x0000000040206233        0x1 
 .text.tcp_tmr  0x0000000040206234       0x27 ./build/lwip.a(tcp.o)
                                         0x37 (size before relaxing)
                0x0000000040206238                tcp_tmr
 *fill*         0x000000004020625b        0x1 
 .text.tcp_shutdown
                0x000000004020625c       0x71 ./build/lwip.a(tcp.o)
                                         0x85 (size before relaxing)
                0x000000004020625c                tcp_shutdown
 *fill*         0x00000000402062cd        0x3 
 .text.tcp_abandon
                0x00000000402062d0       0xb7 ./build/lwip.a(tcp.o)
                                         0xdf (size before relaxing)
                0x00000000402062d0                tcp_abandon
 *fill*         0x0000000040206387        0x1 
 .text.tcp_abort
                0x0000000040206388       0x14 ./build/lwip.a(tcp.o)
                                         0x18 (size before relaxing)
                0x0000000040206388                tcp_abort
 .text.tcp_kill_timewait
                0x000000004020639c       0x42 ./build/lwip.a(tcp.o)
                                         0x4e (size before relaxing)
 *fill*         0x00000000402063de        0x2 
 .text.tcp_alloc
                0x00000000402063e0      0x132 ./build/lwip.a(tcp.o)
                                        0x172 (size before relaxing)
                0x00000000402063f4                tcp_alloc
 *fill*         0x0000000040206512        0x2 
 .text.tcp_new  0x0000000040206514       0x14 ./build/lwip.a(tcp.o)
                                         0x18 (size before relaxing)
                0x0000000040206514                tcp_new
 .text.tcp_eff_send_mss
                0x0000000040206528       0x33 ./build/lwip.a(tcp.o)
                                         0x3b (size before relaxing)
                0x0000000040206528                tcp_eff_send_mss
 *fill*         0x000000004020655b        0x1 
 .text.tcp_connect
                0x000000004020655c      0x177 ./build/lwip.a(tcp.o)
                                        0x1bb (size before relaxing)
                0x0000000040206560                tcp_connect
 *fill*         0x00000000402066d3        0x1 
 .text.dns_recv
                0x00000000402066d4      0x239 ./build/lwip.a(dns.o)
                                        0x249 (size before relaxing)
 *fill*         0x000000004020690d        0x3 
 .text.dns_send
                0x0000000040206910      0x108 ./build/lwip.a(dns.o)
                                        0x12c (size before relaxing)
 .text.dns_check_entry
                0x0000000040206a18       0xbb ./build/lwip.a(dns.o)
                                         0xcf (size before relaxing)
 *fill*         0x0000000040206ad3        0x1 
 .text.dns_init
                0x0000000040206ad4       0x69 ./build/lwip.a(dns.o)
                                         0x95 (size before relaxing)
                0x0000000040206ae0                dns_init
 *fill*         0x0000000040206b3d        0x3 
 .text.dns_setserver
                0x0000000040206b40       0x1e ./build/lwip.a(dns.o)
                                         0x26 (size before relaxing)
                0x0000000040206b40                dns_setserver
 *fill*         0x0000000040206b5e        0x2 